第 1 次重复（含逐头）用时 53.6 s
回放评估：13 批（100 头）× 30 次重复，按批提前量 3 天、称重日 1/22/43/64，用时 117 s
配方：国内玉米–豆粕 + 合成氨基酸（理想蛋白），粪污 液态储存（无自然结壳），温暖湿润，豆粕碳排放情景 high

== 预测误差（目标日相对事后真值的平均绝对误差） ==
每周·按日龄查表         体重   5.3%  日增重   7.5%  采食   6.6%  赖氨酸浓度   7.0%  偏差   0.6%
每周·简单外推          体重   3.7%  日增重  11.1%  采食  12.3%  赖氨酸浓度  16.0%  偏差   8.2%
每周·AI 预测         体重   2.2%  日增重   8.7%  采食   7.1%  赖氨酸浓度   7.1%  偏差   0.3%
逐头逐日·滚动估计        体重   1.2%  日增重  11.1%  采食   8.1%  赖氨酸浓度  12.5%  偏差   3.9%
逐头逐日·AI 预测       体重   1.1%  日增重  10.3%  采食   6.9%  赖氨酸浓度   9.3%  偏差   0.1%

== 决策精度：只看定下的赖氨酸浓度（不经过配方），营养不足猪日对齐后多喂了多少 ==
不足 10%：P0 20.0%  P1 14.0%  P2 27.4%  P3 14.0%  P3u 14.0%  P4 9.9%  I2 17.0%  I3 12.0%  I3u 11.8%  I4 -3.1%
不足 15%：P0 15.0%  P1 10.2%  P2 20.7%  P3 10.2%  P3u 10.2%  P4 7.1%  I2 12.2%  I3 8.4%  I3u 8.5%  I4 -3.2%
不足 20%：P0 11.1%  P1 7.5%  P2 15.8%  P3 7.5%  P3u 7.5%  P4 5.0%  I2 8.8%  I3 6.2%  I3u 6.2%  I4 -3.2%

== 营养不足猪日 = 10% 时（相对三阶段 P0；均值 ± 重复间标准差） ==
三阶段（现行）          余量   4%  多喂赖氨酸  19.8%  蛋白摄入   0.0%  豆粕   0.0%  成本   0.0%  CO2e   0.0%  氮排泄   0.0% ±0.0%
每周·按日龄查表         余量  14%  多喂赖氨酸  14.0%  蛋白摄入  -5.2%  豆粕 -10.1%  成本  -0.8%  CO2e  -3.0%  氮排泄  -9.8% ±3.5%
每周·简单外推          余量  18%  多喂赖氨酸  27.4%  蛋白摄入   7.0%  豆粕  14.1%  成本   1.0%  CO2e   4.0%  氮排泄  13.4% ±6.9%
每周·AI 预测         余量  14%  多喂赖氨酸  14.1%  蛋白摄入  -5.2%  豆粕 -10.1%  成本  -0.8%  CO2e  -3.0%  氮排泄  -9.7% ±3.4%
每周·AI 预测分位         z 5.10  多喂赖氨酸  14.1%  蛋白摄入  -5.1%  豆粕 -10.0%  成本  -0.8%  CO2e  -3.0%  氮排泄  -9.6% ±3.2%
每周·事后真值          余量   9%  多喂赖氨酸  10.1%  蛋白摄入  -8.3%  豆粕 -16.1%  成本  -1.3%  CO2e  -4.9%  氮排泄 -15.6% ±3.9%
逐头逐日·滚动估计        余量  13%  多喂赖氨酸  16.1%  蛋白摄入  -2.9%  豆粕  -5.4%  成本  -0.5%  CO2e  -1.8%  氮排泄  -5.4% ±4.4%
逐头逐日·AI 预测       余量  12%  多喂赖氨酸  11.9%  蛋白摄入  -6.9%  豆粕 -13.3%  成本  -1.1%  CO2e  -4.0%  氮排泄 -12.9% ±4.0%
逐头逐日·AI 预测分位       z 5.91  多喂赖氨酸  11.9%  蛋白摄入  -6.7%  豆粕 -12.9%  成本  -1.1%  CO2e  -4.0%  氮排泄 -12.6% ±4.0%
逐头逐日·事后真值        余量  -3%  多喂赖氨酸  -2.6%  蛋白摄入 -18.0%  豆粕 -34.6%  成本  -3.0%  CO2e -10.9%  氮排泄 -34.0% ±3.1%

== 营养不足猪日 = 15% 时（相对三阶段 P0；均值 ± 重复间标准差） ==
三阶段（现行）          余量  -1%  多喂赖氨酸  14.8%  蛋白摄入   0.0%  豆粕   0.0%  成本   0.0%  CO2e   0.0%  氮排泄   0.0% ±0.0%
每周·按日龄查表         余量  10%  多喂赖氨酸  10.3%  蛋白摄入  -4.3%  豆粕  -8.8%  成本  -0.6%  CO2e  -2.4%  氮排泄  -8.4% ±2.6%
每周·简单外推          余量  12%  多喂赖氨酸  20.7%  蛋白摄入   5.5%  豆粕  11.4%  成本   0.8%  CO2e   3.1%  氮排泄  10.8% ±5.0%
每周·AI 预测         余量  10%  多喂赖氨酸  10.3%  蛋白摄入  -4.3%  豆粕  -8.8%  成本  -0.6%  CO2e  -2.4%  氮排泄  -8.4% ±2.6%
每周·AI 预测分位         z 3.75  多喂赖氨酸  10.3%  蛋白摄入  -4.2%  豆粕  -8.6%  成本  -0.6%  CO2e  -2.4%  氮排泄  -8.3% ±2.4%
每周·事后真值          余量   7%  多喂赖氨酸   7.4%  蛋白摄入  -6.6%  豆粕 -13.4%  成本  -1.0%  CO2e  -3.8%  氮排泄 -13.0% ±3.0%
逐头逐日·滚动估计        余量   8%  多喂赖氨酸  11.2%  蛋白摄入  -2.9%  豆粕  -5.6%  成本  -0.5%  CO2e  -1.8%  氮排泄  -5.6% ±3.2%
逐头逐日·AI 预测       余量   9%  多喂赖氨酸   8.5%  蛋白摄入  -5.7%  豆粕 -11.5%  成本  -0.9%  CO2e  -3.3%  氮排泄 -11.1% ±3.1%
逐头逐日·AI 预测分位       z 4.30  多喂赖氨酸   8.6%  蛋白摄入  -5.5%  豆粕 -11.1%  成本  -0.9%  CO2e  -3.2%  氮排泄 -10.8% ±3.1%
逐头逐日·事后真值        余量  -3%  多喂赖氨酸  -2.7%  蛋白摄入 -14.6%  豆粕 -29.2%  成本  -2.4%  CO2e  -8.7%  氮排泄 -28.6% ±2.5%

== 营养不足猪日 = 20% 时（相对三阶段 P0；均值 ± 重复间标准差） ==
三阶段（现行）          余量  -4%  多喂赖氨酸  11.0%  蛋白摄入   0.0%  豆粕   0.0%  成本   0.0%  CO2e   0.0%  氮排泄   0.0% ±0.0%
每周·按日龄查表         余量   7%  多喂赖氨酸   7.6%  蛋白摄入  -3.4%  豆粕  -7.1%  成本  -0.5%  CO2e  -1.9%  氮排泄  -6.8% ±2.3%
每周·简单外推          余量   7%  多喂赖氨酸  15.8%  蛋白摄入   4.6%  豆粕   9.7%  成本   0.7%  CO2e   2.6%  氮排泄   9.2% ±3.5%
每周·AI 预测         余量   8%  多喂赖氨酸   7.6%  蛋白摄入  -3.3%  豆粕  -7.1%  成本  -0.5%  CO2e  -1.8%  氮排泄  -6.8% ±2.2%
每周·AI 预测分位         z 2.78  多喂赖氨酸   7.7%  蛋白摄入  -3.3%  豆粕  -7.0%  成本  -0.5%  CO2e  -1.8%  氮排泄  -6.7% ±2.1%
每周·事后真值          余量   5%  多喂赖氨酸   5.2%  蛋白摄入  -5.3%  豆粕 -11.2%  成本  -0.8%  CO2e  -3.1%  氮排泄 -10.8% ±2.4%
逐头逐日·滚动估计        余量   5%  多喂赖氨酸   8.1%  蛋白摄入  -2.4%  豆粕  -4.8%  成本  -0.4%  CO2e  -1.5%  氮排泄  -4.8% ±2.6%
逐头逐日·AI 预测       余量   6%  多喂赖氨酸   6.3%  蛋白摄入  -4.5%  豆粕  -9.3%  成本  -0.7%  CO2e  -2.5%  氮排泄  -9.0% ±2.4%
逐头逐日·AI 预测分位       z 3.18  多喂赖氨酸   6.3%  蛋白摄入  -4.3%  豆粕  -9.0%  成本  -0.7%  CO2e  -2.5%  氮排泄  -8.7% ±2.5%
逐头逐日·事后真值        余量  -3%  多喂赖氨酸  -2.7%  蛋白摄入 -11.8%  豆粕 -24.4%  成本  -1.9%  CO2e  -6.9%  氮排泄 -23.9% ±2.0%

== 及格线（营养不足猪日 = 10%；1) 按构造满足） ==
按批·常数余量：AI 氮减幅 9.7%，上限 15.6% → 2) 通过；最好的简单方法 9.8%，多降 -0.0 个百分点 → 3) 未通过
按批·预测分位：AI 氮减幅 9.6%，上限 15.6% → 2) 通过；最好的简单方法 9.8%，多降 -0.1 个百分点 → 3) 未通过
逐头·常数余量：AI 氮减幅 12.9%，上限 34.0% → 2) 未通过；最好的简单方法 9.8%，多降 3.1 个百分点 → 3) 通过
逐头·预测分位：AI 氮减幅 12.6%，上限 34.0% → 2) 未通过；最好的简单方法 9.8%，多降 2.8 个百分点 → 3) 未通过

写入 docs/replay/results-cn-sbm-high.json
